[2026-04-30T10:04:10.351Z] Request received for /customer/home
[2026-04-30T10:04:11.506Z] Request received for /customer/home
[2026-04-30T10:04:14.952Z] Request received for /customer/home
[2026-04-30T10:04:14.960Z] Request received for /customer/home
[2026-04-30T10:04:17.978Z] Request received for /customer/home
[2026-04-30T10:04:20.146Z] Request received for /customer/home
[2026-04-30T10:04:20.402Z] Request received for /customer/home
[2026-04-30T10:04:20.406Z] Request received for /customer/home
[2026-04-30T10:04:21.431Z] Request received for /customer/home
[2026-04-30T10:04:23.110Z] Request received for /customer/home
[2026-04-30T10:04:23.117Z] Request received for /customer/home
[2026-04-30T10:04:23.867Z] Request received for /customer/home
[2026-04-30T10:04:23.875Z] Request received for /customer/home
[2026-04-30T10:04:25.508Z] Request received for /customer/home
[2026-04-30T10:04:25.514Z] Request received for /customer/home
[2026-04-30T10:04:27.852Z] Request received for /customer/home
[2026-04-30T10:04:28.359Z] Request received for /customer/home
[2026-04-30T10:04:28.366Z] Request received for /customer/home
[2026-04-30T10:04:31.760Z] Request received for /customer/home
[2026-04-30T10:04:31.769Z] Request received for /customer/home
[2026-04-30T10:04:34.442Z] Request received for /customer/home
[2026-04-30T10:04:34.449Z] Request received for /customer/home
[2026-04-30T10:04:37.177Z] Request received for /customer/home
[2026-04-30T10:04:37.183Z] Request received for /customer/home
[2026-04-30T10:04:39.915Z] Request received for /customer/home
[2026-04-30T10:04:39.922Z] Request received for /customer/home
[2026-04-30T10:04:45.989Z] Request received for /customer/home
